Writing 3 keys to /home/xbill/.ssh/google_compute_known_hosts
Looking in indexes: https://oauth2accesstoken:****@us-python.pkg.dev/ml-oss-artifacts-transient/torch-tpu-virtual-registry/simple/
Collecting torch_tpu
     ━━━━━━━━━━━━━━━━━━━━━━━━━━━━━━━━━━━━━━ 122.0/122.0 MB 27.3 MB/s eta 0:00:00
Collecting transformers
     ━━━━━━━━━━━━━━━━━━━━━━━━━━━━━━━━━━━━━━━━ 11.6/11.6 MB 15.3 MB/s eta 0:00:00
Collecting numpy>=2 (from torch_tpu)
     ━━━━━━━━━━━━━━━━━━━━━━━━━━━━━━━━━━━━━━━━ 16.7/16.7 MB 22.4 MB/s eta 0:00:00
Collecting absl-py>=2 (from torch_tpu)
Collecting libtpu>=0.0.41 (from torch_tpu)
     ━━━━━━━━━━━━━━━━━━━━━━━━━━━━━━━━━━━━━━ 215.6/215.6 MB 31.5 MB/s eta 0:00:00
Collecting portpicker>=1.6 (from torch_tpu)
Collecting tensorboard>=2.20 (from torch_tpu)
     ━━━━━━━━━━━━━━━━━━━━━━━━━━━━━━━━━━━━━━━━ 5.5/5.5 MB 12.2 MB/s eta 0:00:00
Collecting frozendict>=2 (from torch_tpu)
Collecting immutabledict>=4 (from torch_tpu)
Collecting torch>=2.11.0 (from torch_tpu)
     ━━━━━━━━━━━━━━━━━━━━━━━━━━━━━━━━━━━━━━ 191.8/191.8 MB 32.8 MB/s eta 0:00:00
Collecting huggingface-hub<2.0,>=1.5.0 (from transformers)
     ━━━━━━━━━━━━━━━━━━━━━━━━━━━━━━━━━━━━━━━ 771.9/771.9 kB 3.2 MB/s eta 0:00:00
Requirement already satisfied: packaging>=20.0 in /usr/lib/python3/dist-packages (from transformers) (21.3)
Requirement already satisfied: pyyaml>=5.1 in /usr/lib/python3/dist-packages (from transformers) (5.4.1)
Collecting regex>=2025.10.22 (from transformers)
     ━━━━━━━━━━━━━━━━━━━━━━━━━━━━━━━━━━━━━━━ 801.8/801.8 kB 3.3 MB/s eta 0:00:00
Collecting tokenizers<=0.23.0,>=0.22.0 (from transformers)
     ━━━━━━━━━━━━━━━━━━━━━━━━━━━━━━━━━━━━━━━━ 3.3/3.3 MB 8.6 MB/s eta 0:00:00
Collecting typer (from transformers)
Collecting safetensors>=0.8.0 (from transformers)
Collecting tqdm>=4.60 (from transformers)
     ━━━━━━━━━━━━━━━━━━━━━━━━━━━━━━━━━━━━━━━ 675.5/675.5 kB 3.0 MB/s eta 0:00:00
Collecting click<9.0.0,>=8.4.2 (from huggingface-hub<2.0,>=1.5.0->transformers)
Collecting filelock>=3.10.0 (from huggingface-hub<2.0,>=1.5.0->transformers)
Collecting fsspec>=2023.5.0 (from huggingface-hub<2.0,>=1.5.0->transformers)
Collecting hf-xet<2.0.0,>=1.5.1 (from huggingface-hub<2.0,>=1.5.0->transformers)
     ━━━━━━━━━━━━━━━━━━━━━━━━━━━━━━━━━━━━━━━━ 64.9/64.9 MB 23.7 MB/s eta 0:00:00
Collecting httpx<1,>=0.23.0 (from huggingface-hub<2.0,>=1.5.0->transformers)
Collecting typing-extensions>=4.1.0 (from huggingface-hub<2.0,>=1.5.0->transformers)
     - 45.6 kB 2.0 MB/s 0:00:00
Collecting psutil (from portpicker>=1.6->torch_tpu)
Collecting grpcio<2.0,>=1.74.0 (from tensorboard>=2.20->torch_tpu)
     ━━━━━━━━━━━━━━━━━━━━━━━━━━━━━━━━━━━━━━━━ 7.0/7.0 MB 14.6 MB/s eta 0:00:00
Collecting markdown>=2.6.8 (from tensorboard>=2.20->torch_tpu)
Collecting pillow (from tensorboard>=2.20->torch_tpu)
     ━━━━━━━━━━━━━━━━━━━━━━━━━━━━━━━━━━━━━━━━ 6.9/6.9 MB 14.4 MB/s eta 0:00:00
Collecting protobuf<8.0.0,>=6.31.1 (from tensorboard>=2.20->torch_tpu)
Requirement already satisfied: setuptools>=41.0.0 in /usr/lib/python3/dist-packages (from tensorboard>=2.20->torch_tpu) (59.6.0)
Collecting tensorboard-data-server<0.8.0,>=0.7.0 (from tensorboard>=2.20->torch_tpu)
     ━━━━━━━━━━━━━━━━━━━━━━━━━━━━━━━━━━━━━━━━ 6.6/6.6 MB 13.8 MB/s eta 0:00:00
Collecting werkzeug>=1.0.1 (from tensorboard>=2.20->torch_tpu)
Collecting setuptools>=41.0.0 (from tensorboard>=2.20->torch_tpu)
     ━━━━━━━━━━━━━━━━━━━━━━━━━━━━━━━━━━━━━━━━ 1.0/1.0 MB 3.9 MB/s eta 0:00:00
Collecting sympy>=1.13.3 (from torch>=2.11.0->torch_tpu)
     ━━━━━━━━━━━━━━━━━━━━━━━━━━━━━━━━━━━━━━━━ 6.3/6.3 MB 13.4 MB/s eta 0:00:00
Collecting networkx>=2.5.1 (from torch>=2.11.0->torch_tpu)
     ━━━━━━━━━━━━━━━━━━━━━━━━━━━━━━━━━━━━━━━━ 2.1/2.1 MB 6.1 MB/s eta 0:00:00
Requirement already satisfied: jinja2 in /usr/lib/python3/dist-packages (from torch>=2.11.0->torch_tpu) (3.0.3)
Collecting shellingham>=1.3.0 (from typer->transformers)
Collecting rich>=13.8.0 (from typer->transformers)
Collecting annotated-doc>=0.0.2 (from typer->transformers)
Collecting anyio (from httpx<1,>=0.23.0->huggingface-hub<2.0,>=1.5.0->transformers)
Requirement already satisfied: certifi in /usr/lib/python3/dist-packages (from httpx<1,>=0.23.0->huggingface-hub<2.0,>=1.5.0->transformers) (2020.6.20)
Collecting httpcore==1.* (from httpx<1,>=0.23.0->huggingface-hub<2.0,>=1.5.0->transformers)
Requirement already satisfied: idna in /usr/lib/python3/dist-packages (from httpx<1,>=0.23.0->huggingface-hub<2.0,>=1.5.0->transformers) (3.3)
Collecting h11>=0.16 (from httpcore==1.*->httpx<1,>=0.23.0->huggingface-hub<2.0,>=1.5.0->transformers)
Collecting markdown-it-py>=2.2.0 (from rich>=13.8.0->typer->transformers)
Collecting pygments<3.0.0,>=2.13.0 (from rich>=13.8.0->typer->transformers)
     ━━━━━━━━━━━━━━━━━━━━━━━━━━━━━━━━━━━━━━━━ 1.2/1.2 MB 4.4 MB/s eta 0:00:00
Collecting mpmath<1.4,>=1.1.0 (from sympy>=1.13.3->torch>=2.11.0->torch_tpu)
     ━━━━━━━━━━━━━━━━━━━━━━━━━━━━━━━━━━━━━━━ 536.2/536.2 kB 2.8 MB/s eta 0:00:00
Collecting markupsafe>=2.1.1 (from werkzeug>=1.0.1->tensorboard>=2.20->torch_tpu)
Collecting mdurl~=0.1 (from markdown-it-py>=2.2.0->rich>=13.8.0->typer->transformers)
Installing collected packages: mpmath, typing-extensions, tqdm, tensorboard-data-server, sympy, shellingham, setuptools, safetensors, regex, pygments, psutil, protobuf, pillow, numpy, networkx, mdurl, markupsafe, markdown, libtpu, immutabledict, hf-xet, h11, fsspec, frozendict, filelock, click, annotated-doc, absl-py, werkzeug, torch, portpicker, markdown-it-py, httpcore, grpcio, anyio, tensorboard, rich, httpx, typer, torch_tpu, huggingface-hub, tokenizers, transformers
  Attempting uninstall: setuptools
    Found existing installation: setuptools 59.6.0
    Uninstalling setuptools-59.6.0:
      Successfully uninstalled setuptools-59.6.0
  Attempting uninstall: markupsafe
    Found existing installation: MarkupSafe 2.0.1
    Uninstalling MarkupSafe-2.0.1:
      Successfully uninstalled MarkupSafe-2.0.1
  Attempting uninstall: click
    Found existing installation: click 8.0.3
    Uninstalling click-8.0.3:
      Successfully uninstalled click-8.0.3
Successfully installed absl-py-2.5.0 annotated-doc-0.0.4 anyio-4.14.2 click-8.4.2 filelock-3.32.0 frozendict-2.4.7 fsspec-2026.6.0 grpcio-1.83.0 h11-0.16.0 hf-xet-1.6.0.dev0 httpcore-1.0.9 httpx-0.28.1 huggingface-hub-1.24.0 immutabledict-4.3.1 libtpu-0.0.44 markdown-3.10.2 markdown-it-py-4.2.0 markupsafe-3.0.3 mdurl-0.1.2 mpmath-1.3.0 networkx-3.6.1 numpy-2.5.1 pillow-12.3.0 portpicker-1.6.0 protobuf-7.36.0rc1 psutil-7.2.2 pygments-2.20.0 regex-2026.7.19 rich-15.0.0 safetensors-0.8.0 setuptools-83.0.0 shellingham-1.5.4 sympy-1.14.0 tensorboard-2.21.0 tensorboard-data-server-0.7.2 tokenizers-0.23.0rc0 torch-2.13.0+cpu torch_tpu-0.1.1.dev20260725090141 tqdm-4.69.1 transformers-5.14.1 typer-0.27.0 typing-extensions-4.16.0 werkzeug-3.1.8
WARNING: Running pip as the 'root' user can result in broken permissions and conflicting behaviour with the system package manager, possibly rendering your system unusable. It is recommended to use a virtual environment instead: https://pip.pypa.io/warnings/venv. Use the --root-user-action option if you know what you are doing and want to suppress this warning.

[notice] A new release of pip is available: 25.0.1 -> 26.1.2
[notice] To update, run: python3.12 -m pip install --upgrade pip
