Existing host keys found in /home/xbill/.ssh/google_compute_known_hosts

[notice] A new release of pip is available: 25.0.1 -> 26.1.2
[notice] To update, run: python3.12 -m pip install --upgrade pip
--- smoke test ---
WARNING: All log messages before absl::InitializeLog() is called are written to STDERR
I0000 00:00:1784992136.682095    5272 pjrt_api.cc:119] GetPjrtApi was found for TPU at /usr/local/lib/python3.12/dist-packages/libtpu/libtpu.so
I0000 00:00:1784992136.695082    5272 tpu_profiler_plugin.cc:712] PyTorch PrivateUse1ProfilerRegistry not found. Native TPU profiling will be disabled (this is expected on PyTorch < 2.12).
I0000 00:00:1784992137.518884    5272 device_rt.cc:125] PjRt runtime initialization deferred for tpu
Successfully renamed PrivateUse1 backend to 'tpu'. Device: device(type='tpu')
Registered Python module for 'tpu'.
I0000 00:00:1784992137.520877    5272 pjrt_api.cc:168] The PJRT plugin has PJRT API version 0.113. The framework PJRT API version is 0.113.
I0000 00:00:1784992138.840093    5272 pjrt_c_api_client.cc:201] PjRtCApiClient created.
I0000 00:00:1784992138.855463    5494 tier2_compilation_cache.cc:149] Tier-2 compilation cache is disabled for world size 1.
I0000 00:00:1784992138.855491    5494 tier3_compilation_cache.cc:65] Backup compilation for tier-3 cache read is disabled as tier-3 cache is disabled.
Device type: tpu, Device index: default
Initializing TPU distributed runtime
compiled matmul OK: (128, 128) torch.bfloat16
I0000 00:00:1784992140.215599    5272 compilation_cache.cc:345] Compilation cache evicted.
I0000 00:00:1784992140.215647    5272 compilation_cache.cc:209] CompilationCache final stats: num_cache_reqs=5
num_cache_hits=2 {40.0%}
peak_compilation_memory_bytes=unknown


real	0m6.757s
user	0m9.034s
sys	0m0.920s
