Existing host keys found in /home/xbill/.ssh/google_compute_known_hosts
WARNING: All log messages before absl::InitializeLog() is called are written to STDERR
I0000 00:00:1784992319.165287    9931 pjrt_api.cc:119] GetPjrtApi was found for TPU at /usr/local/lib/python3.12/dist-packages/libtpu/libtpu.so
I0000 00:00:1784992319.178145    9931 tpu_profiler_plugin.cc:712] PyTorch PrivateUse1ProfilerRegistry not found. Native TPU profiling will be disabled (this is expected on PyTorch < 2.12).
I0000 00:00:1784992319.937834    9931 device_rt.cc:125] PjRt runtime initialization deferred for tpu
Successfully renamed PrivateUse1 backend to 'tpu'. Device: device(type='tpu')
Registered Python module for 'tpu'.
[transformers] `torch_dtype` is deprecated! Use `dtype` instead!
HF token loaded from Secret Manager.
Device type: tpu, Device index: default
Initializing TPU distributed runtime
Loading google/gemma-4-E2B-it in bfloat16...
Loading weights:   0%|          | 0/1951 [00:00<?, ?it/s]Loading weights:  57%|█████▋    | 1116/1951 [00:00<00:00, 11144.20it/s]Loading weights: 100%|██████████| 1951/1951 [00:00<00:00, 11137.74it/s]
I0000 00:00:1784992324.055407    9931 pjrt_api.cc:168] The PJRT plugin has PJRT API version 0.113. The framework PJRT API version is 0.113.
I0000 00:00:1784992325.373493    9931 pjrt_c_api_client.cc:201] PjRtCApiClient created.
I0000 00:00:1784992330.060113   10219 tier2_compilation_cache.cc:149] Tier-2 compilation cache is disabled for world size 1.
I0000 00:00:1784992330.060148   10219 tier3_compilation_cache.cc:65] Backup compilation for tier-3 cache read is disabled as tier-3 cache is disabled.
/usr/local/lib/python3.12/dist-packages/torch/_dynamo/utils.py:3895: UserWarning: TorchTPU only supports FLASH_ATTENTION SDPBackend for scaled_dot_product_attention when these conditions are met:
- attn_mask is None (current: present)
- dropout_p is 0.0 (current: 0)
- inputs are float32 or bfloat16 (current: BFloat16)
- inputs have the same rank (query: 4, key: 4, value: 4)
- query rank is at least 4 (current: 4)
- batch size is at least 1 (current: 1)
- Sequence lengths (dim - 2) are divisible by 512 (query: 19, key: 19, value: 19)
- Head dimension (dim - 1) is less than 128 or divisible by 128 (query: 256) (Triggered internally at torch_tpu/ops/scaled_dot_product_attention/scaled_dot_product_attention_aten_kernels.cc:400.)
  return node.target(*args, **kwargs)  # type: ignore[operator]
Loaded 5,506,950,688 params in 9.5s
Warmup generate (first compile is slow)...
Traceback (most recent call last):
  File "/tmp/torchtpu_generate.py", line 123, in <module>
    raise SystemExit(main())
                     ^^^^^^
  File "/tmp/torchtpu_generate.py", line 102, in main
    model.generate(**inputs, max_new_tokens=8, do_sample=False)
  File "/usr/local/lib/python3.12/dist-packages/torch/utils/_contextlib.py", line 124, in decorate_context
    return func(*args, **kwargs)
           ^^^^^^^^^^^^^^^^^^^^^
  File "/usr/local/lib/python3.12/dist-packages/transformers/generation/utils.py", line 2681, in generate
    result = decoding_method(
             ^^^^^^^^^^^^^^^^
  File "/usr/local/lib/python3.12/dist-packages/transformers/generation/utils.py", line 2881, in _sample
    outputs = self._prefill(
              ^^^^^^^^^^^^^^
  File "/usr/local/lib/python3.12/dist-packages/transformers/generation/utils.py", line 3961, in _prefill
    return self(**model_inputs, return_dict=True)
           ^^^^^^^^^^^^^^^^^^^^^^^^^^^^^^^^^^^^^^
  File "/usr/local/lib/python3.12/dist-packages/torch/nn/modules/module.py", line 1779, in _wrapped_call_impl
    return self._call_impl(*args, **kwargs)
           ^^^^^^^^^^^^^^^^^^^^^^^^^^^^^^^^
  File "/usr/local/lib/python3.12/dist-packages/torch/nn/modules/module.py", line 1790, in _call_impl
    return forward_call(*args, **kwargs)
           ^^^^^^^^^^^^^^^^^^^^^^^^^^^^^
  File "/usr/local/lib/python3.12/dist-packages/torch/_dynamo/eval_frame.py", line 1024, in compile_wrapper
    return fn(*args, **kwargs)
           ^^^^^^^^^^^^^^^^^^^
  File "/usr/local/lib/python3.12/dist-packages/transformers/utils/generic.py", line 905, in wrapper
    @wraps(func)
  File "/usr/local/lib/python3.12/dist-packages/torch/_dynamo/eval_frame.py", line 1263, in _fn
    return fn(*args, **kwargs)
           ^^^^^^^^^^^^^^^^^^^
  File "/usr/local/lib/python3.12/dist-packages/torch/_functorch/aot_autograd.py", line 1200, in forward
    return compiled_fn(full_args)
           ^^^^^^^^^^^^^^^^^^^^^^
  File "/usr/local/lib/python3.12/dist-packages/torch/_functorch/_aot_autograd/runtime_wrappers.py", line 580, in runtime_wrapper
    all_outs = call_func_at_runtime_with_args(
               ^^^^^^^^^^^^^^^^^^^^^^^^^^^^^^^
  File "/usr/local/lib/python3.12/dist-packages/torch/_functorch/_aot_autograd/utils.py", line 138, in call_func_at_runtime_with_args
    out = normalize_as_list(f(args))
                            ^^^^^^^
  File "/usr/local/lib/python3.12/dist-packages/torch/_functorch/_aot_autograd/runtime_wrappers.py", line 2298, in __call__
    return self.compiled_fn(*args, **kwargs)
           ^^^^^^^^^^^^^^^^^^^^^^^^^^^^^^^^^
  File "/usr/local/lib/python3.12/dist-packages/torch/_functorch/_aot_autograd/runtime_wrappers.py", line 783, in wrapper
    return compiled_fn(runtime_args)
           ^^^^^^^^^^^^^^^^^^^^^^^^^
  File "/usr/local/lib/python3.12/dist-packages/torch/_functorch/_aot_autograd/runtime_wrappers.py", line 1011, in inner_fn
    outs = compiled_fn(args)
           ^^^^^^^^^^^^^^^^^
  File "/usr/local/lib/python3.12/dist-packages/torch/_functorch/_aot_autograd/utils.py", line 105, in g
    return f(*args)
           ^^^^^^^^
  File "/usr/local/lib/python3.12/dist-packages/torch_tpu/_internal/compile/torch_tpu_compiled_executable.py", line 315, in __call__
    outputs_with_device_state_tensors = tpu_torch_compile.execute(
                                        ^^^^^^^^^^^^^^^^^^^^^^^^^^
RuntimeError: failed to prepare compiled mode arguments: failed to get buffer from argument tensor: shape=[], strides=[], numel=1, dtype=4, device=cpu, is_contiguous=1, is_cpu=1, is_cuda=0, is_meta=0, storage_offset=0, storage_use_count=2, tensor is expected to be on tpu, got cpu
I0000 00:00:1784992350.292309    9931 compilation_cache.cc:345] Compilation cache evicted.
I0000 00:00:1784992350.292347    9931 compilation_cache.cc:209] CompilationCache final stats: num_cache_reqs=10
num_cache_hits=1 {10.0%}
peak_compilation_memory_bytes=unknown


real	0m35.164s
user	0m48.529s
sys	0m8.612s
