Existing host keys found in /home/xbill/.ssh/google_compute_known_hosts
WARNING: All log messages before absl::InitializeLog() is called are written to STDERR
I0000 00:00:1784992494.831304   11387 pjrt_api.cc:119] GetPjrtApi was found for TPU at /usr/local/lib/python3.12/dist-packages/libtpu/libtpu.so
I0000 00:00:1784992494.844245   11387 tpu_profiler_plugin.cc:712] PyTorch PrivateUse1ProfilerRegistry not found. Native TPU profiling will be disabled (this is expected on PyTorch < 2.12).
I0000 00:00:1784992495.601742   11387 device_rt.cc:125] PjRt runtime initialization deferred for tpu
Successfully renamed PrivateUse1 backend to 'tpu'. Device: device(type='tpu')
Registered Python module for 'tpu'.
HF token loaded from Secret Manager.
Device type: tpu, Device index: default
Initializing TPU distributed runtime
Loading weights:   0%|          | 0/1951 [00:00<?, ?it/s]Loading weights:  60%|█████▉    | 1162/1951 [00:00<00:00, 11616.69it/s]Loading weights: 100%|██████████| 1951/1951 [00:00<00:00, 11589.18it/s]
I0000 00:00:1784992499.711295   11387 pjrt_api.cc:168] The PJRT plugin has PJRT API version 0.113. The framework PJRT API version is 0.113.
I0000 00:00:1784992501.022318   11387 pjrt_c_api_client.cc:201] PjRtCApiClient created.
I0000 00:00:1784992505.653518   11675 tier2_compilation_cache.cc:149] Tier-2 compilation cache is disabled for world size 1.
I0000 00:00:1784992505.653542   11675 tier3_compilation_cache.cc:65] Backup compilation for tier-3 cache read is disabled as tier-3 cache is disabled.
/usr/local/lib/python3.12/dist-packages/torch/_dynamo/utils.py:3895: UserWarning: TorchTPU only supports FLASH_ATTENTION SDPBackend for scaled_dot_product_attention when these conditions are met:
- attn_mask is None (current: present)
- dropout_p is 0.0 (current: 0)
- inputs are float32 or bfloat16 (current: BFloat16)
- inputs have the same rank (query: 4, key: 4, value: 4)
- query rank is at least 4 (current: 4)
- batch size is at least 1 (current: 1)
- Sequence lengths (dim - 2) are divisible by 512 (query: 256, key: 256, value: 256)
- Head dimension (dim - 1) is less than 128 or divisible by 128 (query: 256) (Triggered internally at torch_tpu/ops/scaled_dot_product_attention/scaled_dot_product_attention_aten_kernels.cc:400.)
  return node.target(*args, **kwargs)  # type: ignore[operator]
Loaded in 6.7s
Warmup (4 steps, includes compile)...
Traceback (most recent call last):
  File "/tmp/torchtpu_decode_bench.py", line 121, in <module>
    raise SystemExit(main())
                     ^^^^^^
  File "/tmp/torchtpu_decode_bench.py", line 95, in main
    decode_one()
  File "/tmp/torchtpu_decode_bench.py", line 87, in decode_one
    tokens = tokens.index_copy(1, pos, nxt[0])
             ^^^^^^^^^^^^^^^^^^^^^^^^^^^^^^^^^
IndexError: index_copy_(): When source and destination are not scalars, their dimensionality must match. Source dimensionality (1), destination dimensionality (2)
I0000 00:00:1784992525.939770   11387 compilation_cache.cc:345] Compilation cache evicted.
I0000 00:00:1784992525.940347   11387 compilation_cache.cc:209] CompilationCache final stats: num_cache_reqs=4
num_cache_hits=0 {0.0%}
peak_compilation_memory_bytes=unknown


real	0m35.089s
user	1m20.086s
sys	0m10.066s
