Existing host keys found in /home/xbill/.ssh/google_compute_known_hosts
WARNING: All log messages before absl::InitializeLog() is called are written to STDERR
I0000 00:00:1784992573.551315   12152 pjrt_api.cc:119] GetPjrtApi was found for TPU at /usr/local/lib/python3.12/dist-packages/libtpu/libtpu.so
I0000 00:00:1784992573.564616   12152 tpu_profiler_plugin.cc:712] PyTorch PrivateUse1ProfilerRegistry not found. Native TPU profiling will be disabled (this is expected on PyTorch < 2.12).
I0000 00:00:1784992574.326942   12152 device_rt.cc:125] PjRt runtime initialization deferred for tpu
Successfully renamed PrivateUse1 backend to 'tpu'. Device: device(type='tpu')
Registered Python module for 'tpu'.
HF token loaded from Secret Manager.
Device type: tpu, Device index: default
Initializing TPU distributed runtime
Loading weights:   0%|          | 0/1951 [00:00<?, ?it/s]Loading weights:  59%|█████▉    | 1151/1951 [00:00<00:00, 11470.93it/s]Loading weights: 100%|██████████| 1951/1951 [00:00<00:00, 11508.78it/s]
I0000 00:00:1784992578.467159   12152 pjrt_api.cc:168] The PJRT plugin has PJRT API version 0.113. The framework PJRT API version is 0.113.
I0000 00:00:1784992579.792928   12152 pjrt_c_api_client.cc:201] PjRtCApiClient created.
I0000 00:00:1784992584.759539   12440 tier2_compilation_cache.cc:149] Tier-2 compilation cache is disabled for world size 1.
I0000 00:00:1784992584.759575   12440 tier3_compilation_cache.cc:65] Backup compilation for tier-3 cache read is disabled as tier-3 cache is disabled.
/usr/local/lib/python3.12/dist-packages/torch/_dynamo/utils.py:3895: UserWarning: TorchTPU only supports FLASH_ATTENTION SDPBackend for scaled_dot_product_attention when these conditions are met:
- attn_mask is None (current: present)
- dropout_p is 0.0 (current: 0)
- inputs are float32 or bfloat16 (current: BFloat16)
- inputs have the same rank (query: 4, key: 4, value: 4)
- query rank is at least 4 (current: 4)
- batch size is at least 1 (current: 1)
- Sequence lengths (dim - 2) are divisible by 512 (query: 256, key: 256, value: 256)
- Head dimension (dim - 1) is less than 128 or divisible by 128 (query: 256) (Triggered internally at torch_tpu/ops/scaled_dot_product_attention/scaled_dot_product_attention_aten_kernels.cc:400.)
  return node.target(*args, **kwargs)  # type: ignore[operator]
Loaded in 7.0s
Warmup (4 steps, includes compile)...
Warmup done in 19.3s
Benchmarking 64 decode steps...

--- output -------------------------------------------------
TPUs are designed with specialized hardware architecture optimized for the massive matrix multiplications common in machine learning workloads. This custom design allows them to perform these computations much faster and more efficiently than traditional CPUs or GPUs for deep learning tasks.
------------------------------------------------------------
compiled static-shape decode (SEQ=256, no KV cache): 64 tok in 0.28s = 227.3 tok/s (4.4 ms/step)
I0000 00:00:1784992605.438262   12152 compilation_cache.cc:345] Compilation cache evicted.
I0000 00:00:1784992605.439021   12152 compilation_cache.cc:209] CompilationCache final stats: num_cache_reqs=278
num_cache_hits=268 {96.4%}
peak_compilation_memory_bytes=unknown


real	0m35.930s
user	1m19.970s
sys	0m10.813s
