===== EAGER google/gemma-4-4B-it =====
WARNING: All log messages before absl::InitializeLog() is called are written to STDERR
I0000 00:00:1784992862.027860   12961 pjrt_api.cc:119] GetPjrtApi was found for TPU at /usr/local/lib/python3.12/dist-packages/libtpu/libtpu.so
I0000 00:00:1784992862.040507   12961 tpu_profiler_plugin.cc:712] PyTorch PrivateUse1ProfilerRegistry not found. Native TPU profiling will be disabled (this is expected on PyTorch < 2.12).
I0000 00:00:1784992862.797846   12961 device_rt.cc:125] PjRt runtime initialization deferred for tpu
Successfully renamed PrivateUse1 backend to 'tpu'. Device: device(type='tpu')
Registered Python module for 'tpu'.
HF token loaded from Secret Manager.
Device type: tpu, Device index: default
Initializing TPU distributed runtime
Loading google/gemma-4-4B-it in bfloat16...
Traceback (most recent call last):
  File "/usr/local/lib/python3.12/dist-packages/huggingface_hub/utils/_http.py", line 795, in hf_raise_for_status
    response.raise_for_status()
  File "/usr/local/lib/python3.12/dist-packages/httpx/_models.py", line 829, in raise_for_status
    raise HTTPStatusError(message, request=request, response=self)
httpx.HTTPStatusError: Client error '404 Not Found' for url 'https://huggingface.co/google/gemma-4-4B-it/resolve/main/config.json'
For more information check: https://developer.mozilla.org/en-US/docs/Web/HTTP/Status/404

The above exception was the direct cause of the following exception:

Traceback (most recent call last):
  File "/usr/local/lib/python3.12/dist-packages/transformers/utils/hub.py", line 437, in cached_files
    hf_hub_download(
  File "/usr/local/lib/python3.12/dist-packages/huggingface_hub/utils/_validators.py", line 88, in _inner_fn
    return fn(*args, **kwargs)
           ^^^^^^^^^^^^^^^^^^^
  File "/usr/local/lib/python3.12/dist-packages/huggingface_hub/file_download.py", line 1013, in hf_hub_download
    return _hf_hub_download_to_cache_dir(
           ^^^^^^^^^^^^^^^^^^^^^^^^^^^^^^
  File "/usr/local/lib/python3.12/dist-packages/huggingface_hub/file_download.py", line 1165, in _hf_hub_download_to_cache_dir
    _raise_on_head_call_error(head_call_error, force_download, local_files_only)
  File "/usr/local/lib/python3.12/dist-packages/huggingface_hub/file_download.py", line 1864, in _raise_on_head_call_error
    raise head_call_error
  File "/usr/local/lib/python3.12/dist-packages/huggingface_hub/file_download.py", line 1707, in _get_metadata_or_catch_error
    metadata = get_hf_file_metadata(
               ^^^^^^^^^^^^^^^^^^^^^
  File "/usr/local/lib/python3.12/dist-packages/huggingface_hub/utils/_validators.py", line 88, in _inner_fn
    return fn(*args, **kwargs)
           ^^^^^^^^^^^^^^^^^^^
  File "/usr/local/lib/python3.12/dist-packages/huggingface_hub/file_download.py", line 1615, in get_hf_file_metadata
    response = _httpx_follow_relative_redirects_with_backoff(
               ^^^^^^^^^^^^^^^^^^^^^^^^^^^^^^^^^^^^^^^^^^^^^^
  File "/usr/local/lib/python3.12/dist-packages/huggingface_hub/utils/_http.py", line 726, in _httpx_follow_relative_redirects_with_backoff
    hf_raise_for_status(response)
  File "/usr/local/lib/python3.12/dist-packages/huggingface_hub/utils/_http.py", line 882, in hf_raise_for_status
    raise _format(RepositoryNotFoundError, message, response, repo_type=repo_type, repo_id=repo_id) from e
huggingface_hub.errors.RepositoryNotFoundError: 404 Client Error. (Request ID: Root=1-6a64d45f-3cedc897472f2db7067cbdd9;e82d337d-559f-4b44-9a04-aad88e546f04)

Repository Not Found for url: https://huggingface.co/google/gemma-4-4B-it/resolve/main/config.json.
Please make sure you specified the correct `repo_id` and `repo_type`.
If you are trying to access a private or gated repo, make sure you are authenticated and your token has the required permissions.
For more details, see https://huggingface.co/docs/huggingface_hub/authentication

The above exception was the direct cause of the following exception:

Traceback (most recent call last):
  File "/usr/local/lib/python3.12/dist-packages/transformers/models/auto/tokenization_auto.py", line 747, in from_pretrained
    config = AutoConfig.from_pretrained(
             ^^^^^^^^^^^^^^^^^^^^^^^^^^^
  File "/usr/local/lib/python3.12/dist-packages/transformers/models/auto/configuration_auto.py", line 376, in from_pretrained
    config_dict, unused_kwargs = PreTrainedConfig.get_config_dict(pretrained_model_name_or_path, **kwargs)
                                 ^^^^^^^^^^^^^^^^^^^^^^^^^^^^^^^^^^^^^^^^^^^^^^^^^^^^^^^^^^^^^^^^^^^^^^^^^
  File "/usr/local/lib/python3.12/dist-packages/transformers/configuration_utils.py", line 721, in get_config_dict
    config_dict, kwargs = cls._get_config_dict(pretrained_model_name_or_path, **kwargs)
                          ^^^^^^^^^^^^^^^^^^^^^^^^^^^^^^^^^^^^^^^^^^^^^^^^^^^^^^^^^^^^^
  File "/usr/local/lib/python3.12/dist-packages/transformers/configuration_utils.py", line 776, in _get_config_dict
    resolved_config_file = cached_file(
                           ^^^^^^^^^^^^
  File "/usr/local/lib/python3.12/dist-packages/transformers/utils/hub.py", line 293, in cached_file
    file = cached_files(path_or_repo_id=path_or_repo_id, filenames=[filename], **kwargs)
           ^^^^^^^^^^^^^^^^^^^^^^^^^^^^^^^^^^^^^^^^^^^^^^^^^^^^^^^^^^^^^^^^^^^^^^^^^^^^^
  File "/usr/local/lib/python3.12/dist-packages/transformers/utils/hub.py", line 469, in cached_files
    raise OSError(
OSError: google/gemma-4-4B-it is not a local folder and is not a valid model identifier listed on 'https://huggingface.co/models'
If this is a private repository, make sure to pass a token having permission to this repo either by logging in with `hf auth login` or by passing `token=<your_token>`

During handling of the above exception, another exception occurred:

Traceback (most recent call last):
  File "/usr/local/lib/python3.12/dist-packages/huggingface_hub/utils/_http.py", line 795, in hf_raise_for_status
    response.raise_for_status()
  File "/usr/local/lib/python3.12/dist-packages/httpx/_models.py", line 829, in raise_for_status
    raise HTTPStatusError(message, request=request, response=self)
httpx.HTTPStatusError: Client error '404 Not Found' for url 'https://huggingface.co/google/gemma-4-4B-it/resolve/main/config.json'
For more information check: https://developer.mozilla.org/en-US/docs/Web/HTTP/Status/404

The above exception was the direct cause of the following exception:

Traceback (most recent call last):
  File "/usr/local/lib/python3.12/dist-packages/transformers/utils/hub.py", line 437, in cached_files
    hf_hub_download(
  File "/usr/local/lib/python3.12/dist-packages/huggingface_hub/utils/_validators.py", line 88, in _inner_fn
    return fn(*args, **kwargs)
           ^^^^^^^^^^^^^^^^^^^
  File "/usr/local/lib/python3.12/dist-packages/huggingface_hub/file_download.py", line 1013, in hf_hub_download
    return _hf_hub_download_to_cache_dir(
           ^^^^^^^^^^^^^^^^^^^^^^^^^^^^^^
  File "/usr/local/lib/python3.12/dist-packages/huggingface_hub/file_download.py", line 1165, in _hf_hub_download_to_cache_dir
    _raise_on_head_call_error(head_call_error, force_download, local_files_only)
  File "/usr/local/lib/python3.12/dist-packages/huggingface_hub/file_download.py", line 1864, in _raise_on_head_call_error
    raise head_call_error
  File "/usr/local/lib/python3.12/dist-packages/huggingface_hub/file_download.py", line 1707, in _get_metadata_or_catch_error
    metadata = get_hf_file_metadata(
               ^^^^^^^^^^^^^^^^^^^^^
  File "/usr/local/lib/python3.12/dist-packages/huggingface_hub/utils/_validators.py", line 88, in _inner_fn
    return fn(*args, **kwargs)
           ^^^^^^^^^^^^^^^^^^^
  File "/usr/local/lib/python3.12/dist-packages/huggingface_hub/file_download.py", line 1615, in get_hf_file_metadata
    response = _httpx_follow_relative_redirects_with_backoff(
               ^^^^^^^^^^^^^^^^^^^^^^^^^^^^^^^^^^^^^^^^^^^^^^
  File "/usr/local/lib/python3.12/dist-packages/huggingface_hub/utils/_http.py", line 726, in _httpx_follow_relative_redirects_with_backoff
    hf_raise_for_status(response)
  File "/usr/local/lib/python3.12/dist-packages/huggingface_hub/utils/_http.py", line 882, in hf_raise_for_status
    raise _format(RepositoryNotFoundError, message, response, repo_type=repo_type, repo_id=repo_id) from e
huggingface_hub.errors.RepositoryNotFoundError: 404 Client Error. (Request ID: Root=1-6a64d460-06cb56fa2e6c3ac624db9f62;e6aa3ace-6f9d-49ec-a68b-efc9a509100d)

Repository Not Found for url: https://huggingface.co/google/gemma-4-4B-it/resolve/main/config.json.
Please make sure you specified the correct `repo_id` and `repo_type`.
If you are trying to access a private or gated repo, make sure you are authenticated and your token has the required permissions.
For more details, see https://huggingface.co/docs/huggingface_hub/authentication

The above exception was the direct cause of the following exception:

Traceback (most recent call last):
  File "/tmp/torchtpu_generate.py", line 123, in <module>
    raise SystemExit(main())
                     ^^^^^^
  File "/tmp/torchtpu_generate.py", line 77, in main
    tokenizer = transformers.AutoTokenizer.from_pretrained(args.model)
                ^^^^^^^^^^^^^^^^^^^^^^^^^^^^^^^^^^^^^^^^^^^^^^^^^^^^^^
  File "/usr/local/lib/python3.12/dist-packages/transformers/models/auto/tokenization_auto.py", line 751, in from_pretrained
    config = PreTrainedConfig.from_pretrained(pretrained_model_name_or_path, **kwargs)
             ^^^^^^^^^^^^^^^^^^^^^^^^^^^^^^^^^^^^^^^^^^^^^^^^^^^^^^^^^^^^^^^^^^^^^^^^^
  File "/usr/local/lib/python3.12/dist-packages/transformers/configuration_utils.py", line 680, in from_pretrained
    config_dict, kwargs = cls.get_config_dict(pretrained_model_name_or_path, **kwargs)
                          ^^^^^^^^^^^^^^^^^^^^^^^^^^^^^^^^^^^^^^^^^^^^^^^^^^^^^^^^^^^^
  File "/usr/local/lib/python3.12/dist-packages/transformers/configuration_utils.py", line 721, in get_config_dict
    config_dict, kwargs = cls._get_config_dict(pretrained_model_name_or_path, **kwargs)
                          ^^^^^^^^^^^^^^^^^^^^^^^^^^^^^^^^^^^^^^^^^^^^^^^^^^^^^^^^^^^^^
  File "/usr/local/lib/python3.12/dist-packages/transformers/configuration_utils.py", line 776, in _get_config_dict
    resolved_config_file = cached_file(
                           ^^^^^^^^^^^^
  File "/usr/local/lib/python3.12/dist-packages/transformers/utils/hub.py", line 293, in cached_file
    file = cached_files(path_or_repo_id=path_or_repo_id, filenames=[filename], **kwargs)
           ^^^^^^^^^^^^^^^^^^^^^^^^^^^^^^^^^^^^^^^^^^^^^^^^^^^^^^^^^^^^^^^^^^^^^^^^^^^^^
  File "/usr/local/lib/python3.12/dist-packages/transformers/utils/hub.py", line 469, in cached_files
    raise OSError(
OSError: google/gemma-4-4B-it is not a local folder and is not a valid model identifier listed on 'https://huggingface.co/models'
If this is a private repository, make sure to pass a token having permission to this repo either by logging in with `hf auth login` or by passing `token=<your_token>`

real	0m4.635s
user	0m8.237s
sys	0m0.552s
===== COMPILED google/gemma-4-4B-it =====
WARNING: All log messages before absl::InitializeLog() is called are written to STDERR
I0000 00:00:1784992866.667374   13005 pjrt_api.cc:119] GetPjrtApi was found for TPU at /usr/local/lib/python3.12/dist-packages/libtpu/libtpu.so
I0000 00:00:1784992866.680145   13005 tpu_profiler_plugin.cc:712] PyTorch PrivateUse1ProfilerRegistry not found. Native TPU profiling will be disabled (this is expected on PyTorch < 2.12).
I0000 00:00:1784992867.435350   13005 device_rt.cc:125] PjRt runtime initialization deferred for tpu
Successfully renamed PrivateUse1 backend to 'tpu'. Device: device(type='tpu')
Registered Python module for 'tpu'.
HF token loaded from Secret Manager.
Device type: tpu, Device index: default
Initializing TPU distributed runtime
Traceback (most recent call last):
  File "/usr/local/lib/python3.12/dist-packages/huggingface_hub/utils/_http.py", line 795, in hf_raise_for_status
    response.raise_for_status()
  File "/usr/local/lib/python3.12/dist-packages/httpx/_models.py", line 829, in raise_for_status
    raise HTTPStatusError(message, request=request, response=self)
httpx.HTTPStatusError: Client error '404 Not Found' for url 'https://huggingface.co/google/gemma-4-4B-it/resolve/main/config.json'
For more information check: https://developer.mozilla.org/en-US/docs/Web/HTTP/Status/404

The above exception was the direct cause of the following exception:

Traceback (most recent call last):
  File "/usr/local/lib/python3.12/dist-packages/transformers/utils/hub.py", line 437, in cached_files
    hf_hub_download(
  File "/usr/local/lib/python3.12/dist-packages/huggingface_hub/utils/_validators.py", line 88, in _inner_fn
    return fn(*args, **kwargs)
           ^^^^^^^^^^^^^^^^^^^
  File "/usr/local/lib/python3.12/dist-packages/huggingface_hub/file_download.py", line 1013, in hf_hub_download
    return _hf_hub_download_to_cache_dir(
           ^^^^^^^^^^^^^^^^^^^^^^^^^^^^^^
  File "/usr/local/lib/python3.12/dist-packages/huggingface_hub/file_download.py", line 1165, in _hf_hub_download_to_cache_dir
    _raise_on_head_call_error(head_call_error, force_download, local_files_only)
  File "/usr/local/lib/python3.12/dist-packages/huggingface_hub/file_download.py", line 1864, in _raise_on_head_call_error
    raise head_call_error
  File "/usr/local/lib/python3.12/dist-packages/huggingface_hub/file_download.py", line 1707, in _get_metadata_or_catch_error
    metadata = get_hf_file_metadata(
               ^^^^^^^^^^^^^^^^^^^^^
  File "/usr/local/lib/python3.12/dist-packages/huggingface_hub/utils/_validators.py", line 88, in _inner_fn
    return fn(*args, **kwargs)
           ^^^^^^^^^^^^^^^^^^^
  File "/usr/local/lib/python3.12/dist-packages/huggingface_hub/file_download.py", line 1615, in get_hf_file_metadata
    response = _httpx_follow_relative_redirects_with_backoff(
               ^^^^^^^^^^^^^^^^^^^^^^^^^^^^^^^^^^^^^^^^^^^^^^
  File "/usr/local/lib/python3.12/dist-packages/huggingface_hub/utils/_http.py", line 726, in _httpx_follow_relative_redirects_with_backoff
    hf_raise_for_status(response)
  File "/usr/local/lib/python3.12/dist-packages/huggingface_hub/utils/_http.py", line 882, in hf_raise_for_status
    raise _format(RepositoryNotFoundError, message, response, repo_type=repo_type, repo_id=repo_id) from e
huggingface_hub.errors.RepositoryNotFoundError: 404 Client Error. (Request ID: Root=1-6a64d464-68b9ecba22f9347e4e5dd830;854948aa-7432-4d95-a7fb-fd715c893e76)

Repository Not Found for url: https://huggingface.co/google/gemma-4-4B-it/resolve/main/config.json.
Please make sure you specified the correct `repo_id` and `repo_type`.
If you are trying to access a private or gated repo, make sure you are authenticated and your token has the required permissions.
For more details, see https://huggingface.co/docs/huggingface_hub/authentication

The above exception was the direct cause of the following exception:

Traceback (most recent call last):
  File "/usr/local/lib/python3.12/dist-packages/transformers/models/auto/tokenization_auto.py", line 747, in from_pretrained
    config = AutoConfig.from_pretrained(
             ^^^^^^^^^^^^^^^^^^^^^^^^^^^
  File "/usr/local/lib/python3.12/dist-packages/transformers/models/auto/configuration_auto.py", line 376, in from_pretrained
    config_dict, unused_kwargs = PreTrainedConfig.get_config_dict(pretrained_model_name_or_path, **kwargs)
                                 ^^^^^^^^^^^^^^^^^^^^^^^^^^^^^^^^^^^^^^^^^^^^^^^^^^^^^^^^^^^^^^^^^^^^^^^^^
  File "/usr/local/lib/python3.12/dist-packages/transformers/configuration_utils.py", line 721, in get_config_dict
    config_dict, kwargs = cls._get_config_dict(pretrained_model_name_or_path, **kwargs)
                          ^^^^^^^^^^^^^^^^^^^^^^^^^^^^^^^^^^^^^^^^^^^^^^^^^^^^^^^^^^^^^
  File "/usr/local/lib/python3.12/dist-packages/transformers/configuration_utils.py", line 776, in _get_config_dict
    resolved_config_file = cached_file(
                           ^^^^^^^^^^^^
  File "/usr/local/lib/python3.12/dist-packages/transformers/utils/hub.py", line 293, in cached_file
    file = cached_files(path_or_repo_id=path_or_repo_id, filenames=[filename], **kwargs)
           ^^^^^^^^^^^^^^^^^^^^^^^^^^^^^^^^^^^^^^^^^^^^^^^^^^^^^^^^^^^^^^^^^^^^^^^^^^^^^
  File "/usr/local/lib/python3.12/dist-packages/transformers/utils/hub.py", line 469, in cached_files
    raise OSError(
OSError: google/gemma-4-4B-it is not a local folder and is not a valid model identifier listed on 'https://huggingface.co/models'
If this is a private repository, make sure to pass a token having permission to this repo either by logging in with `hf auth login` or by passing `token=<your_token>`

During handling of the above exception, another exception occurred:

Traceback (most recent call last):
  File "/usr/local/lib/python3.12/dist-packages/huggingface_hub/utils/_http.py", line 795, in hf_raise_for_status
    response.raise_for_status()
  File "/usr/local/lib/python3.12/dist-packages/httpx/_models.py", line 829, in raise_for_status
    raise HTTPStatusError(message, request=request, response=self)
httpx.HTTPStatusError: Client error '404 Not Found' for url 'https://huggingface.co/google/gemma-4-4B-it/resolve/main/config.json'
For more information check: https://developer.mozilla.org/en-US/docs/Web/HTTP/Status/404

The above exception was the direct cause of the following exception:

Traceback (most recent call last):
  File "/usr/local/lib/python3.12/dist-packages/transformers/utils/hub.py", line 437, in cached_files
    hf_hub_download(
  File "/usr/local/lib/python3.12/dist-packages/huggingface_hub/utils/_validators.py", line 88, in _inner_fn
    return fn(*args, **kwargs)
           ^^^^^^^^^^^^^^^^^^^
  File "/usr/local/lib/python3.12/dist-packages/huggingface_hub/file_download.py", line 1013, in hf_hub_download
    return _hf_hub_download_to_cache_dir(
           ^^^^^^^^^^^^^^^^^^^^^^^^^^^^^^
  File "/usr/local/lib/python3.12/dist-packages/huggingface_hub/file_download.py", line 1165, in _hf_hub_download_to_cache_dir
    _raise_on_head_call_error(head_call_error, force_download, local_files_only)
  File "/usr/local/lib/python3.12/dist-packages/huggingface_hub/file_download.py", line 1864, in _raise_on_head_call_error
    raise head_call_error
  File "/usr/local/lib/python3.12/dist-packages/huggingface_hub/file_download.py", line 1707, in _get_metadata_or_catch_error
    metadata = get_hf_file_metadata(
               ^^^^^^^^^^^^^^^^^^^^^
  File "/usr/local/lib/python3.12/dist-packages/huggingface_hub/utils/_validators.py", line 88, in _inner_fn
    return fn(*args, **kwargs)
           ^^^^^^^^^^^^^^^^^^^
  File "/usr/local/lib/python3.12/dist-packages/huggingface_hub/file_download.py", line 1615, in get_hf_file_metadata
    response = _httpx_follow_relative_redirects_with_backoff(
               ^^^^^^^^^^^^^^^^^^^^^^^^^^^^^^^^^^^^^^^^^^^^^^
  File "/usr/local/lib/python3.12/dist-packages/huggingface_hub/utils/_http.py", line 726, in _httpx_follow_relative_redirects_with_backoff
    hf_raise_for_status(response)
  File "/usr/local/lib/python3.12/dist-packages/huggingface_hub/utils/_http.py", line 882, in hf_raise_for_status
    raise _format(RepositoryNotFoundError, message, response, repo_type=repo_type, repo_id=repo_id) from e
huggingface_hub.errors.RepositoryNotFoundError: 404 Client Error. (Request ID: Root=1-6a64d464-7bff24de0e9cef787964264a;0d2fc748-7ba8-47c9-9c11-5bd8c18464c6)

Repository Not Found for url: https://huggingface.co/google/gemma-4-4B-it/resolve/main/config.json.
Please make sure you specified the correct `repo_id` and `repo_type`.
If you are trying to access a private or gated repo, make sure you are authenticated and your token has the required permissions.
For more details, see https://huggingface.co/docs/huggingface_hub/authentication

The above exception was the direct cause of the following exception:

Traceback (most recent call last):
  File "/tmp/torchtpu_decode_bench.py", line 127, in <module>
    raise SystemExit(main())
                     ^^^^^^
  File "/tmp/torchtpu_decode_bench.py", line 57, in main
    tokenizer = transformers.AutoTokenizer.from_pretrained(MODEL_ID)
                ^^^^^^^^^^^^^^^^^^^^^^^^^^^^^^^^^^^^^^^^^^^^^^^^^^^^
  File "/usr/local/lib/python3.12/dist-packages/transformers/models/auto/tokenization_auto.py", line 751, in from_pretrained
    config = PreTrainedConfig.from_pretrained(pretrained_model_name_or_path, **kwargs)
             ^^^^^^^^^^^^^^^^^^^^^^^^^^^^^^^^^^^^^^^^^^^^^^^^^^^^^^^^^^^^^^^^^^^^^^^^^
  File "/usr/local/lib/python3.12/dist-packages/transformers/configuration_utils.py", line 680, in from_pretrained
    config_dict, kwargs = cls.get_config_dict(pretrained_model_name_or_path, **kwargs)
                          ^^^^^^^^^^^^^^^^^^^^^^^^^^^^^^^^^^^^^^^^^^^^^^^^^^^^^^^^^^^^
  File "/usr/local/lib/python3.12/dist-packages/transformers/configuration_utils.py", line 721, in get_config_dict
    config_dict, kwargs = cls._get_config_dict(pretrained_model_name_or_path, **kwargs)
                          ^^^^^^^^^^^^^^^^^^^^^^^^^^^^^^^^^^^^^^^^^^^^^^^^^^^^^^^^^^^^^
  File "/usr/local/lib/python3.12/dist-packages/transformers/configuration_utils.py", line 776, in _get_config_dict
    resolved_config_file = cached_file(
                           ^^^^^^^^^^^^
  File "/usr/local/lib/python3.12/dist-packages/transformers/utils/hub.py", line 293, in cached_file
    file = cached_files(path_or_repo_id=path_or_repo_id, filenames=[filename], **kwargs)
           ^^^^^^^^^^^^^^^^^^^^^^^^^^^^^^^^^^^^^^^^^^^^^^^^^^^^^^^^^^^^^^^^^^^^^^^^^^^^^
  File "/usr/local/lib/python3.12/dist-packages/transformers/utils/hub.py", line 469, in cached_files
    raise OSError(
OSError: google/gemma-4-4B-it is not a local folder and is not a valid model identifier listed on 'https://huggingface.co/models'
If this is a private repository, make sure to pass a token having permission to this repo either by logging in with `hf auth login` or by passing `token=<your_token>`

real	0m4.697s
user	0m8.251s
sys	0m0.544s
===== EAGER google/gemma-4-12B-it =====
WARNING: All log messages before absl::InitializeLog() is called are written to STDERR
I0000 00:00:1784992871.370724   13049 pjrt_api.cc:119] GetPjrtApi was found for TPU at /usr/local/lib/python3.12/dist-packages/libtpu/libtpu.so
I0000 00:00:1784992871.383597   13049 tpu_profiler_plugin.cc:712] PyTorch PrivateUse1ProfilerRegistry not found. Native TPU profiling will be disabled (this is expected on PyTorch < 2.12).
I0000 00:00:1784992872.138033   13049 device_rt.cc:125] PjRt runtime initialization deferred for tpu
Successfully renamed PrivateUse1 backend to 'tpu'. Device: device(type='tpu')
Registered Python module for 'tpu'.
[transformers] `torch_dtype` is deprecated! Use `dtype` instead!
HF token loaded from Secret Manager.
Device type: tpu, Device index: default
Initializing TPU distributed runtime
Loading google/gemma-4-12B-it in bfloat16...
Loading weights:   0%|          | 0/677 [00:00<?, ?it/s]Loading weights: 100%|██████████| 677/677 [00:00<00:00, 8623.91it/s]
I0000 00:00:1784992955.235895   13049 pjrt_api.cc:168] The PJRT plugin has PJRT API version 0.113. The framework PJRT API version is 0.113.
I0000 00:00:1784992956.550514   13049 pjrt_c_api_client.cc:201] PjRtCApiClient created.
I0000 00:00:1784992966.487223   13908 tier2_compilation_cache.cc:149] Tier-2 compilation cache is disabled for world size 1.
I0000 00:00:1784992966.487269   13908 tier3_compilation_cache.cc:65] Backup compilation for tier-3 cache read is disabled as tier-3 cache is disabled.
/usr/local/lib/python3.12/dist-packages/transformers/integrations/sdpa_attention.py:154: UserWarning: TorchTPU only supports FLASH_ATTENTION SDPBackend for scaled_dot_product_attention when these conditions are met:
- attn_mask is None (current: present)
- dropout_p is 0.0 (current: 0)
- inputs are float32 or bfloat16 (current: BFloat16)
- inputs have the same rank (query: 4, key: 4, value: 4)
- query rank is at least 4 (current: 4)
- batch size is at least 1 (current: 1)
- Sequence lengths (dim - 2) are divisible by 512 (query: 23, key: 23, value: 23)
- Head dimension (dim - 1) is less than 128 or divisible by 128 (query: 256) (Triggered internally at torch_tpu/ops/scaled_dot_product_attention/scaled_dot_product_attention_aten_kernels.cc:400.)
  attn_output = torch.nn.functional.scaled_dot_product_attention(
Loaded 12,966,363,136 params in 93.7s
Generating up to 128 tokens...

--- output -------------------------------------------------
TPUs are fast because they use a specialized architecture called a Systolic Array, which allows them to perform thousands of matrix multiplications simultaneously in a single clock cycle. Additionally, they are custom-designed specifically for the mathematical operations required by neural networks, minimizing the overhead and data movement found in general-purpose processors.
------------------------------------------------------------
prompt=23 tok, generated=63 tok in 28.3s (2.2 tok/s, compile=off)
I0000 00:00:1784992996.802407   13049 compilation_cache.cc:345] Compilation cache evicted.
I0000 00:00:1784992996.802892   13049 compilation_cache.cc:209] CompilationCache final stats: num_cache_reqs=291383
num_cache_hits=289398 {99.3%}
peak_compilation_memory_bytes=unknown


real	2m9.097s
user	3m34.947s
sys	1m11.164s
===== COMPILED google/gemma-4-12B-it =====
WARNING: All log messages before absl::InitializeLog() is called are written to STDERR
I0000 00:00:1784993000.477936   22176 pjrt_api.cc:119] GetPjrtApi was found for TPU at /usr/local/lib/python3.12/dist-packages/libtpu/libtpu.so
I0000 00:00:1784993000.490560   22176 tpu_profiler_plugin.cc:712] PyTorch PrivateUse1ProfilerRegistry not found. Native TPU profiling will be disabled (this is expected on PyTorch < 2.12).
I0000 00:00:1784993001.252368   22176 device_rt.cc:125] PjRt runtime initialization deferred for tpu
Successfully renamed PrivateUse1 backend to 'tpu'. Device: device(type='tpu')
Registered Python module for 'tpu'.
HF token loaded from Secret Manager.
Device type: tpu, Device index: default
Initializing TPU distributed runtime
Loading weights:   0%|          | 0/677 [00:00<?, ?it/s]Loading weights: 100%|██████████| 677/677 [00:00<00:00, 10224.96it/s]
I0000 00:00:1784993005.117515   22176 pjrt_api.cc:168] The PJRT plugin has PJRT API version 0.113. The framework PJRT API version is 0.113.
I0000 00:00:1784993006.437307   22176 pjrt_c_api_client.cc:201] PjRtCApiClient created.
I0000 00:00:1784993015.530292   22468 tier2_compilation_cache.cc:149] Tier-2 compilation cache is disabled for world size 1.
I0000 00:00:1784993015.530340   22468 tier3_compilation_cache.cc:65] Backup compilation for tier-3 cache read is disabled as tier-3 cache is disabled.
/usr/local/lib/python3.12/dist-packages/torch/_dynamo/utils.py:3895: UserWarning: TorchTPU only supports FLASH_ATTENTION SDPBackend for scaled_dot_product_attention when these conditions are met:
- attn_mask is None (current: present)
- dropout_p is 0.0 (current: 0)
- inputs are float32 or bfloat16 (current: BFloat16)
- inputs have the same rank (query: 4, key: 4, value: 4)
- query rank is at least 4 (current: 4)
- batch size is at least 1 (current: 1)
- Sequence lengths (dim - 2) are divisible by 512 (query: 256, key: 256, value: 256)
- Head dimension (dim - 1) is less than 128 or divisible by 128 (query: 256) (Triggered internally at torch_tpu/ops/scaled_dot_product_attention/scaled_dot_product_attention_aten_kernels.cc:400.)
  return node.target(*args, **kwargs)  # type: ignore[operator]
Loaded in 10.9s
Warmup (4 steps, includes compile)...
Warmup done in 24.3s
Benchmarking 64 decode steps...

--- output -------------------------------------------------
TPUs are fast because they use a specialized architecture called a Systolic Array, which allows them to perform thousands of matrix multiplications simultaneously in a single clock cycle. Additionally, they are custom-designed specifically for the mathematical operations required by neural networks, minimizing the overhead and data movement found in general-purpose processors.
------------------------------------------------------------
compiled static-shape decode (SEQ=256, no KV cache): 64 tok in 1.42s = 45.2 tok/s (22.1 ms/step)
I0000 00:00:1784993042.372076   22176 compilation_cache.cc:345] Compilation cache evicted.
I0000 00:00:1784993042.372412   22176 compilation_cache.cc:209] CompilationCache final stats: num_cache_reqs=278
num_cache_hits=268 {96.4%}
peak_compilation_memory_bytes=unknown


real	0m46.017s
user	1m12.867s
sys	0m14.387s
ALL-BENCHES-DONE
